// Jest Snapshot v1, https://goo.gl/fbAQLP

exports[`Button component render correctly without crashing, matching snapshot 1`] = `
<button
  className="css-jldqlh-Button"
  onClick={[Function]}
/>
`;
